[templatebundle.net/templates/laundry-services-html-template/index.html]
[backblue.gif]
[fade.gif]
[index.html]
[templatebundle.net/templates/laundry-services-html-template/favicon.png]
[templatebundle.net/templates/laundry-services-html-template/index-2.html]
[templatebundle.net/templates/laundry-services-html-template/images/logo.png]
[templatebundle.net/templates/laundry-services-html-template/images/banner_icon.png]
[templatebundle.net/templates/laundry-services-html-template/images/about_img.jpg]
[templatebundle.net/templates/laundry-services-html-template/images/price1.jpg]
[templatebundle.net/templates/laundry-services-html-template/images/price2.jpg]
[templatebundle.net/templates/laundry-services-html-template/images/price3.jpg]
[templatebundle.net/templates/laundry-services-html-template/images/offer1.jpg]
[templatebundle.net/templates/laundry-services-html-template/images/offer2.jpg]
[templatebundle.net/templates/laundry-services-html-template/images/partner1.png]
[templatebundle.net/templates/laundry-services-html-template/images/partner2.png]
[templatebundle.net/templates/laundry-services-html-template/images/partner3.png]
[templatebundle.net/templates/laundry-services-html-template/images/partner4.png]
[templatebundle.net/templates/laundry-services-html-template/images/partner5.png]
[templatebundle.net/templates/laundry-services-html-template/images/blog1.jpg]
[templatebundle.net/templates/laundry-services-html-template/blog.html]
[templatebundle.net/templates/laundry-services-html-template/images/blog2.jpg]
[templatebundle.net/templates/laundry-services-html-template/images/client1.png]
[templatebundle.net/templates/laundry-services-html-template/images/client2.png]
[templatebundle.net/templates/laundry-services-html-template/images/banner_icon2.png]
[templatebundle.net/templates/laundry-services-html-template/js/jquery.js]
[templatebundle.net/templates/laundry-services-html-template/js/bootstrap.min.js]
[templatebundle.net/templates/laundry-services-html-template/js/owl.carousel.js]
[templatebundle.net/templates/laundry-services-html-template/js/appear.js]
[templatebundle.net/templates/laundry-services-html-template/js/jquery.countTo.js]
[templatebundle.net/templates/laundry-services-html-template/js/jquery.geocomplete.min.js]
[templatebundle.net/templates/laundry-services-html-template/js/jquery.googlemap.js]
[templatebundle.net/templates/laundry-services-html-template/js/wow.js]
[templatebundle.net/templates/laundry-services-html-template/js/scrollIt.min.js]
[templatebundle.net/templates/laundry-services-html-template/js/custom.js]
[templatebundle.net/templates/laundry-services-html-template/index.html]
[templatebundle.net/templates/laundry-services-html-template/fonts/glyphicons-halflings-regular.eot]
[templatebundle.net/templates/laundry-services-html-template/fonts/glyphicons-halflings-regulard41d.eot]
[templatebundle.net/templates/laundry-services-html-template/fonts/glyphicons-halflings-regular.woff2]
[templatebundle.net/templates/laundry-services-html-template/fonts/glyphicons-halflings-regular.woff]
[templatebundle.net/templates/laundry-services-html-template/fonts/glyphicons-halflings-regular.ttf]
[templatebundle.net/templates/laundry-services-html-template/css/main.css]
[templatebundle.net/templates/laundry-services-html-template/fonts/Raleway-Black.woff]
[templatebundle.net/templates/laundry-services-html-template/fonts/Raleway-Bold.woff]
[templatebundle.net/templates/laundry-services-html-template/fonts/Raleway-ExtraBold.woff]
[templatebundle.net/templates/laundry-services-html-template/fonts/Raleway-ExtraLight.woff]
[templatebundle.net/templates/laundry-services-html-template/fonts/Raleway-Light.woff]
[templatebundle.net/templates/laundry-services-html-template/fonts/Raleway-Medium.woff]
[templatebundle.net/templates/laundry-services-html-template/fonts/Raleway-Regular.woff]
[templatebundle.net/templates/laundry-services-html-template/fonts/Raleway-SemiBold.woff]
[templatebundle.net/templates/laundry-services-html-template/fonts/Raleway-Thin.woff]
[templatebundle.net/templates/laundry-services-html-template/css/fonts.css]
[templatebundle.net/templates/laundry-services-html-template/fonts/Flaticon.eot]
[templatebundle.net/templates/laundry-services-html-template/fonts/Flaticond41d.eot]
[templatebundle.net/templates/laundry-services-html-template/fonts/Flaticon.woff]
[templatebundle.net/templates/laundry-services-html-template/fonts/Flaticon.ttf]
[templatebundle.net/templates/laundry-services-html-template/css/flaticon.css]
[templatebundle.net/templates/laundry-services-html-template/fonts/fontawesome-webfont3e6e.eot]
[templatebundle.net/templates/laundry-services-html-template/fonts/fontawesome-webfontd41d.eot]
[templatebundle.net/templates/laundry-services-html-template/fonts/fontawesome-webfont3e6e.woff2]
[templatebundle.net/templates/laundry-services-html-template/fonts/fontawesome-webfont3e6e.woff]
[templatebundle.net/templates/laundry-services-html-template/fonts/fontawesome-webfont3e6e.ttf]
[templatebundle.net/templates/laundry-services-html-template/css/font-awesome.css]
[templatebundle.net/templates/laundry-services-html-template/css/animate.css]
[templatebundle.net/templates/laundry-services-html-template/css/custom-animation.css]
[templatebundle.net/templates/laundry-services-html-template/images/main_banner.jpg]
[templatebundle.net/templates/laundry-services-html-template/images/bread_bg.jpg]
[templatebundle.net/templates/laundry-services-html-template/images/icon.png]
[templatebundle.net/templates/laundry-services-html-template/images/offer_bg.jpg]
[templatebundle.net/templates/laundry-services-html-template/images/testimonial_bg.jpg]
[templatebundle.net/templates/laundry-services-html-template/images/quick_contact.jpg]
[templatebundle.net/templates/laundry-services-html-template/images/news_banner.jpg]
[templatebundle.net/templates/laundry-services-html-template/images/buble.png]
[templatebundle.net/templates/laundry-services-html-template/css/style.css]
[templatebundle.net/templates/laundry-services-html-template/index-2.html]
[templatebundle.net/templates/laundry-services-html-template/images/blog-single.jpg]
[templatebundle.net/templates/laundry-services-html-template/images/gallery4.jpg]
[templatebundle.net/templates/laundry-services-html-template/images/gallery5.jpg]
[templatebundle.net/templates/laundry-services-html-template/images/admin.jpg]
[templatebundle.net/templates/laundry-services-html-template/images/recent_post1.jpg]
[templatebundle.net/templates/laundry-services-html-template/images/recent_post2.jpg]
[templatebundle.net/templates/laundry-services-html-template/images/blog_form_img.png]
[templatebundle.net/templates/laundry-services-html-template/blog.html]
[templatebundle.net/templates/laundry-services-html-template/fonts/glyphicons-halflings-regular.svg]
[templatebundle.net/templates/laundry-services-html-template/fonts/Flaticon.svg]
[templatebundle.net/templates/laundry-services-html-template/fonts/fontawesome-webfont3e6e.svg]
